[omansh.framer.website/index.html]
[backblue.gif]
[fade.gif]
[index.html]
[framerusercontent.com/images/CFzE97C3SMhufhqGZ7MAzEZD3g.png]
[framerusercontent.com/images/blaxrSoucBHP4I1JAJy5rECBKsc.png]
[omansh.framer.website/portfolio-dark-work-single/lightric-motors.html]
[framerusercontent.com/images/Mq0rDt6NgQUHaFuKpWzLFjVutTg.png]
[omansh.framer.website/portfolio-dark-work-single/positive-energy.html]
[framerusercontent.com/images/rlTtjp4FA9VRSwq7ucudTBqoQ.png]
[omansh.framer.website/portfolio-dark-work-single/xiong-wall.html]
[framerusercontent.com/images/rnLV17etVxzbSrTyB0BFsZq5OnM.png]
[omansh.framer.website/portfolio-dark-work-single/hideaway.html]
[framerusercontent.com/images/1XFte9XhUsHcEZlWDkMyGthxEcI.png]
[framerusercontent.com/images/dQ66dkRBbX9Hzgozx4CcdqrA6TM.png]
[framerusercontent.com/images/Z2J9F2rzXmjHMcDjafRdsphXMUE.png]
[framerusercontent.com/images/hF2OqouC5UfMefOe7DU27Vcc0.png]
[framerusercontent.com/images/wuQ3Y08BN9xVtMFTTtyf1l0eaE9ae5.png]
[framerusercontent.com/images/ikV3VNohnGGs68tWEB43tc3GBHQ.png]
[framerusercontent.com/images/IMZf2fVdc5MmoX8xqWiF4gNvk.png]
[framerusercontent.com/images/KcBNo1tMGPjq2wsylmAmXViAXuwbf23.png]
[framerusercontent.com/images/Ko4l3rsy9C0DyPRG4bzzmSxmnoI.png]
[omansh.framer.website/index.html]
[framerusercontent.com/images/OfUNCnw1ClR5EvdX5T4IAgKWIvU.png]
[framerusercontent.com/images/3gVniiKN1aFDSOA7cjdOsYJkFcY.png]
[framerusercontent.com/images/5HIfFsJJQU7KNYJYUJmJZHcbM.png]
[framerusercontent.com/images/fDPW3BgCwbgGX1VxSRyp7zvS80U9ae5.png]
[framerusercontent.com/images/maYxL1lppG74xLOpPabGX2xprsa3fc.jpg]
[framerusercontent.com/images/P0llSIerhcUxfMz0EJWC9mlmaFga3fc.jpg]
[framerusercontent.com/images/a6DlDzTH4qV3bq3928857ccnzsa3fc.jpg]
[omansh.framer.website/portfolio-dark-work-single/lightric-motors.html]
[framerusercontent.com/images/S787Ri89faZhdcz3NPP8RkDC198.jpg]
[framerusercontent.com/images/BgKFsc14MxAXw9v4N6P3mGsAr0.png]
[framerusercontent.com/images/loPuZLTe7wMA4bZ42uJI4ilO408.jpg]
[framerusercontent.com/images/FpyQ5xpcoa4JTKWq8nwY5MTOw6c.jpg]
[omansh.framer.website/portfolio-dark-work-single/califfo.html]
[framerusercontent.com/images/z4ht6aUcgsC4KoUuPLMR9w74D7k.png]
[omansh.framer.website/portfolio-dark-work-single/louis-martin.html]
[framerusercontent.com/images/cHaxuX6NCvnQQ70tBAO9ygo.png]
[omansh.framer.website/portfolio-dark-work-single/positive-energy.html]
[omansh.framer.website/portfolio-dark-work-single/xiong-wall.html]
[framerusercontent.com/images/uuHv5NRcJFsjkoFY8BkCz1OvVM.png]
[omansh.framer.website/portfolio-dark-work-single/hideaway.html]
[framerusercontent.com/images/Ua0SZ0cWskTaRCOid6c7wAK8I.jpg]
[framerusercontent.com/images/pUce2qPYJMfAcgiiwCidOjYS5tg.jpg]
[framerusercontent.com/images/SkVswrWYK9zfsVEo7kSbxpfI.jpg]
[framerusercontent.com/images/zSnbkVJuoh39yLZprUyGEVBboZY.jpg]
[omansh.framer.website/portfolio-dark-work-single/califfo.html]
[omansh.framer.website/portfolio-dark-work-single/louis-martin.html]
